[dotenv@17.3.1] injecting env (14) from .env -- tip: ≡ƒöÉ encrypt with Dotenvx: https://dotenvx.com
MongoDB Connected
Saved mock business.
Raw Database Value (should be encrypted): a866dad3fb65490b7ce0e9fb00c28da4:abe427477f4b39e5cc712a1a49d1798c
Mongoose Decrypted Value: 123456789012
JSON Serialized Value: 123456789012
Cleaned up test data.
